Initial arr: 34 35 36
After bar arr: 34 12 65
After foo arr: 34 34 42
